balance+augment seed=42 epoch=1/400 val_accuracy=90.2245% val_macro_f1=0.8794
balance+augment seed=42 epoch=25/400 val_accuracy=97.3061% val_macro_f1=0.9652
balance+augment seed=42 epoch=50/400 val_accuracy=97.9388% val_macro_f1=0.9754
balance+augment seed=42 epoch=75/400 val_accuracy=98.3061% val_macro_f1=0.9779
balance+augment seed=42 epoch=100/400 val_accuracy=98.4490% val_macro_f1=0.9817
balance+augment seed=42 epoch=125/400 val_accuracy=98.5714% val_macro_f1=0.9820
balance+augment seed=42 epoch=150/400 val_accuracy=98.4898% val_macro_f1=0.9816
architecture_00/seed_42: accuracy=98.6735%, F1 macro=0.9828, época=156
balance+augment seed=7 epoch=1/400 val_accuracy=89.3878% val_macro_f1=0.8702
balance+augment seed=7 epoch=25/400 val_accuracy=97.7755% val_macro_f1=0.9726
balance+augment seed=7 epoch=50/400 val_accuracy=97.8163% val_macro_f1=0.9726
balance+augment seed=7 epoch=75/400 val_accuracy=98.0612% val_macro_f1=0.9754
balance+augment seed=7 epoch=100/400 val_accuracy=98.3469% val_macro_f1=0.9794
balance+augment seed=7 epoch=125/400 val_accuracy=98.4082% val_macro_f1=0.9805
balance+augment seed=7 epoch=150/400 val_accuracy=98.4898% val_macro_f1=0.9816
balance+augment seed=7 epoch=175/400 val_accuracy=98.6735% val_macro_f1=0.9838
balance+augment seed=7 epoch=200/400 val_accuracy=98.7551% val_macro_f1=0.9844
architecture_00/seed_7: accuracy=98.7551%, F1 macro=0.9844, época=217
balance+augment seed=21 epoch=1/400 val_accuracy=90.0204% val_macro_f1=0.8775
balance+augment seed=21 epoch=25/400 val_accuracy=97.5102% val_macro_f1=0.9677
balance+augment seed=21 epoch=50/400 val_accuracy=98.0612% val_macro_f1=0.9755
balance+augment seed=21 epoch=75/400 val_accuracy=98.0816% val_macro_f1=0.9760
balance+augment seed=21 epoch=100/400 val_accuracy=98.2857% val_macro_f1=0.9790
balance+augment seed=21 epoch=125/400 val_accuracy=98.3878% val_macro_f1=0.9790
balance+augment seed=21 epoch=150/400 val_accuracy=98.2857% val_macro_f1=0.9778
balance+augment seed=21 epoch=175/400 val_accuracy=98.5510% val_macro_f1=0.9809
architecture_00/seed_21: accuracy=98.6327%, F1 macro=0.9818, época=184
{
  "selection": "among mean validation accuracy >= 0.9800, highest mean macro F1",
  "target_accuracy": 0.98,
  "winner": {
    "architecture": "784-128-128-10",
    "hidden_layers": 2,
    "parameters": 118282,
    "seeds": 3,
    "validation_accuracy_mean": 0.9868707482993196,
    "validation_accuracy_std": 0.000623479686388545,
    "validation_macro_f1_mean": 0.9830166782482674,
    "validation_macro_f1_std": 0.0013100099847467924,
    "validation_loss_mean": 0.012042388892722652
  },
  "selected_seed": 7,
  "selected_run": "architecture_00/seed_7",
  "seeds": [
    42,
    7,
    21
  ],
  "split_seed": 2026,
  "validation_samples": 4900,
  "external_test_evaluated": false
}
