
=== Iniciando softmax_lr_search_128_128_5_seeds ===
+ imágenes desplazadas y rotadas seed=42 epoch=1/150 val_accuracy=90.2245% val_macro_f1=0.8794
+ imágenes desplazadas y rotadas seed=42 epoch=10/150 val_accuracy=96.4082% val_macro_f1=0.9540
+ imágenes desplazadas y rotadas seed=42 epoch=20/150 val_accuracy=97.5102% val_macro_f1=0.9689
+ imágenes desplazadas y rotadas seed=42 epoch=30/150 val_accuracy=97.8367% val_macro_f1=0.9737
+ imágenes desplazadas y rotadas seed=42 epoch=40/150 val_accuracy=98.1224% val_macro_f1=0.9757
+ imágenes desplazadas y rotadas seed=42 epoch=50/150 val_accuracy=97.9388% val_macro_f1=0.9754
+ imágenes desplazadas y rotadas seed=42 epoch=60/150 val_accuracy=98.1633% val_macro_f1=0.9749
+ imágenes desplazadas y rotadas seed=42 epoch=70/150 val_accuracy=98.1224% val_macro_f1=0.9761
+ imágenes desplazadas y rotadas seed=42 epoch=80/150 val_accuracy=98.1429% val_macro_f1=0.9770
+ imágenes desplazadas y rotadas seed=42 epoch=90/150 val_accuracy=98.2449% val_macro_f1=0.9779
+ imágenes desplazadas y rotadas seed=42 epoch=100/150 val_accuracy=98.4490% val_macro_f1=0.9817
+ imágenes desplazadas y rotadas seed=42 epoch=110/150 val_accuracy=98.4694% val_macro_f1=0.9797
+ imágenes desplazadas y rotadas seed=42 epoch=120/150 val_accuracy=98.6327% val_macro_f1=0.9817
+ imágenes desplazadas y rotadas seed=42 epoch=130/150 val_accuracy=98.5306% val_macro_f1=0.9822
+ imágenes desplazadas y rotadas seed=42 epoch=140/150 val_accuracy=98.4490% val_macro_f1=0.9800
+ imágenes desplazadas y rotadas seed=42 epoch=150/150 val_accuracy=98.4898% val_macro_f1=0.9816
+ imágenes desplazadas y rotadas seed=7 epoch=1/150 val_accuracy=89.3878% val_macro_f1=0.8702
+ imágenes desplazadas y rotadas seed=7 epoch=10/150 val_accuracy=96.4898% val_macro_f1=0.9567
+ imágenes desplazadas y rotadas seed=7 epoch=20/150 val_accuracy=96.7755% val_macro_f1=0.9568
+ imágenes desplazadas y rotadas seed=7 epoch=30/150 val_accuracy=97.7347% val_macro_f1=0.9698
+ imágenes desplazadas y rotadas seed=7 epoch=40/150 val_accuracy=97.9388% val_macro_f1=0.9753
+ imágenes desplazadas y rotadas seed=7 epoch=50/150 val_accuracy=97.8163% val_macro_f1=0.9726
+ imágenes desplazadas y rotadas seed=7 epoch=60/150 val_accuracy=98.1020% val_macro_f1=0.9754
+ imágenes desplazadas y rotadas seed=7 epoch=70/150 val_accuracy=98.3061% val_macro_f1=0.9794
+ imágenes desplazadas y rotadas seed=7 epoch=80/150 val_accuracy=98.3673% val_macro_f1=0.9791
+ imágenes desplazadas y rotadas seed=7 epoch=90/150 val_accuracy=98.3469% val_macro_f1=0.9796
+ imágenes desplazadas y rotadas seed=7 epoch=100/150 val_accuracy=98.3469% val_macro_f1=0.9794
+ imágenes desplazadas y rotadas seed=7 epoch=110/150 val_accuracy=98.2245% val_macro_f1=0.9787
+ imágenes desplazadas y rotadas seed=7 epoch=120/150 val_accuracy=98.3673% val_macro_f1=0.9775
+ imágenes desplazadas y rotadas seed=7 epoch=130/150 val_accuracy=98.4898% val_macro_f1=0.9812
+ imágenes desplazadas y rotadas seed=7 epoch=140/150 val_accuracy=98.5102% val_macro_f1=0.9816
+ imágenes desplazadas y rotadas seed=7 epoch=150/150 val_accuracy=98.4898% val_macro_f1=0.9816
+ imágenes desplazadas y rotadas seed=21 epoch=1/150 val_accuracy=90.0204% val_macro_f1=0.8775
+ imágenes desplazadas y rotadas seed=21 epoch=10/150 val_accuracy=96.4694% val_macro_f1=0.9557
+ imágenes desplazadas y rotadas seed=21 epoch=20/150 val_accuracy=97.1224% val_macro_f1=0.9619
+ imágenes desplazadas y rotadas seed=21 epoch=30/150 val_accuracy=97.6122% val_macro_f1=0.9694
+ imágenes desplazadas y rotadas seed=21 epoch=40/150 val_accuracy=97.8571% val_macro_f1=0.9730
+ imágenes desplazadas y rotadas seed=21 epoch=50/150 val_accuracy=98.0612% val_macro_f1=0.9755
+ imágenes desplazadas y rotadas seed=21 epoch=60/150 val_accuracy=98.0000% val_macro_f1=0.9759
+ imágenes desplazadas y rotadas seed=21 epoch=70/150 val_accuracy=98.2857% val_macro_f1=0.9781
+ imágenes desplazadas y rotadas seed=21 epoch=80/150 val_accuracy=98.0000% val_macro_f1=0.9746
+ imágenes desplazadas y rotadas seed=21 epoch=90/150 val_accuracy=98.2245% val_macro_f1=0.9773
+ imágenes desplazadas y rotadas seed=21 epoch=100/150 val_accuracy=98.2857% val_macro_f1=0.9790
+ imágenes desplazadas y rotadas seed=21 epoch=110/150 val_accuracy=98.3061% val_macro_f1=0.9755
+ imágenes desplazadas y rotadas seed=21 epoch=120/150 val_accuracy=98.3061% val_macro_f1=0.9779
+ imágenes desplazadas y rotadas seed=21 epoch=130/150 val_accuracy=98.4286% val_macro_f1=0.9788
+ imágenes desplazadas y rotadas seed=21 epoch=140/150 val_accuracy=98.5102% val_macro_f1=0.9816
+ imágenes desplazadas y rotadas seed=21 epoch=150/150 val_accuracy=98.2857% val_macro_f1=0.9778
+ imágenes desplazadas y rotadas seed=11 epoch=1/150 val_accuracy=88.8163% val_macro_f1=0.8690
+ imágenes desplazadas y rotadas seed=11 epoch=10/150 val_accuracy=96.2041% val_macro_f1=0.9522
+ imágenes desplazadas y rotadas seed=11 epoch=20/150 val_accuracy=97.2449% val_macro_f1=0.9640
+ imágenes desplazadas y rotadas seed=11 epoch=30/150 val_accuracy=97.7959% val_macro_f1=0.9723
+ imágenes desplazadas y rotadas seed=11 epoch=40/150 val_accuracy=97.8980% val_macro_f1=0.9731
+ imágenes desplazadas y rotadas seed=11 epoch=50/150 val_accuracy=98.1837% val_macro_f1=0.9762
+ imágenes desplazadas y rotadas seed=11 epoch=60/150 val_accuracy=98.0408% val_macro_f1=0.9747
+ imágenes desplazadas y rotadas seed=11 epoch=70/150 val_accuracy=98.3469% val_macro_f1=0.9795
+ imágenes desplazadas y rotadas seed=11 epoch=80/150 val_accuracy=98.2857% val_macro_f1=0.9776
+ imágenes desplazadas y rotadas seed=11 epoch=90/150 val_accuracy=98.2653% val_macro_f1=0.9768
+ imágenes desplazadas y rotadas seed=11 epoch=100/150 val_accuracy=98.2653% val_macro_f1=0.9779
+ imágenes desplazadas y rotadas seed=11 epoch=110/150 val_accuracy=98.4082% val_macro_f1=0.9812
+ imágenes desplazadas y rotadas seed=11 epoch=120/150 val_accuracy=98.5714% val_macro_f1=0.9817
+ imágenes desplazadas y rotadas seed=11 epoch=130/150 val_accuracy=98.6735% val_macro_f1=0.9823
+ imágenes desplazadas y rotadas seed=11 epoch=140/150 val_accuracy=98.5510% val_macro_f1=0.9823
+ imágenes desplazadas y rotadas seed=11 epoch=150/150 val_accuracy=98.3878% val_macro_f1=0.9800
+ imágenes desplazadas y rotadas seed=2025 epoch=1/150 val_accuracy=89.1224% val_macro_f1=0.8657
+ imágenes desplazadas y rotadas seed=2025 epoch=10/150 val_accuracy=96.6327% val_macro_f1=0.9590
+ imágenes desplazadas y rotadas seed=2025 epoch=20/150 val_accuracy=97.2245% val_macro_f1=0.9638
+ imágenes desplazadas y rotadas seed=2025 epoch=30/150 val_accuracy=97.6531% val_macro_f1=0.9705
+ imágenes desplazadas y rotadas seed=2025 epoch=40/150 val_accuracy=97.7143% val_macro_f1=0.9713
+ imágenes desplazadas y rotadas seed=2025 epoch=50/150 val_accuracy=98.0816% val_macro_f1=0.9751
+ imágenes desplazadas y rotadas seed=2025 epoch=60/150 val_accuracy=98.1429% val_macro_f1=0.9758
+ imágenes desplazadas y rotadas seed=2025 epoch=70/150 val_accuracy=98.2245% val_macro_f1=0.9771
+ imágenes desplazadas y rotadas seed=2025 epoch=80/150 val_accuracy=98.0408% val_macro_f1=0.9764
+ imágenes desplazadas y rotadas seed=2025 epoch=90/150 val_accuracy=98.2245% val_macro_f1=0.9778
+ imágenes desplazadas y rotadas seed=2025 epoch=100/150 val_accuracy=98.2653% val_macro_f1=0.9796
+ imágenes desplazadas y rotadas seed=2025 epoch=110/150 val_accuracy=98.3265% val_macro_f1=0.9794
+ imágenes desplazadas y rotadas seed=2025 epoch=120/150 val_accuracy=98.3878% val_macro_f1=0.9803
+ imágenes desplazadas y rotadas seed=2025 epoch=130/150 val_accuracy=98.3878% val_macro_f1=0.9805
+ imágenes desplazadas y rotadas seed=2025 epoch=140/150 val_accuracy=98.7551% val_macro_f1=0.9850
+ imágenes desplazadas y rotadas seed=2025 epoch=150/150 val_accuracy=98.3878% val_macro_f1=0.9792
Referencia: sigmoide + MSE + momentum     98.66 % ± 0.06
+ imágenes desplazadas y rotadas seed=42 epoch=1/40 val_accuracy=86.4694% val_macro_f1=0.8318
+ imágenes desplazadas y rotadas seed=42 epoch=10/40 val_accuracy=92.2245% val_macro_f1=0.9032
+ imágenes desplazadas y rotadas seed=42 epoch=20/40 val_accuracy=94.4694% val_macro_f1=0.9304
+ imágenes desplazadas y rotadas seed=42 epoch=30/40 val_accuracy=95.9388% val_macro_f1=0.9496
+ imágenes desplazadas y rotadas seed=42 epoch=40/40 val_accuracy=96.5714% val_macro_f1=0.9567
+ imágenes desplazadas y rotadas seed=42 epoch=1/40 val_accuracy=89.8163% val_macro_f1=0.8724
+ imágenes desplazadas y rotadas seed=42 epoch=10/40 val_accuracy=95.7143% val_macro_f1=0.9439
+ imágenes desplazadas y rotadas seed=42 epoch=20/40 val_accuracy=97.0408% val_macro_f1=0.9652
+ imágenes desplazadas y rotadas seed=42 epoch=30/40 val_accuracy=97.4286% val_macro_f1=0.9681
+ imágenes desplazadas y rotadas seed=42 epoch=40/40 val_accuracy=97.7755% val_macro_f1=0.9729
+ imágenes desplazadas y rotadas seed=42 epoch=1/40 val_accuracy=91.7143% val_macro_f1=0.9012
+ imágenes desplazadas y rotadas seed=42 epoch=10/40 val_accuracy=96.4694% val_macro_f1=0.9540
+ imágenes desplazadas y rotadas seed=42 epoch=20/40 val_accuracy=97.5714% val_macro_f1=0.9708
+ imágenes desplazadas y rotadas seed=42 epoch=30/40 val_accuracy=98.0000% val_macro_f1=0.9774
+ imágenes desplazadas y rotadas seed=42 epoch=40/40 val_accuracy=98.4082% val_macro_f1=0.9807
+ imágenes desplazadas y rotadas seed=42 epoch=1/40 val_accuracy=91.7959% val_macro_f1=0.8937
+ imágenes desplazadas y rotadas seed=42 epoch=10/40 val_accuracy=96.6735% val_macro_f1=0.9582
+ imágenes desplazadas y rotadas seed=42 epoch=20/40 val_accuracy=97.5918% val_macro_f1=0.9723
+ imágenes desplazadas y rotadas seed=42 epoch=30/40 val_accuracy=98.0204% val_macro_f1=0.9763
+ imágenes desplazadas y rotadas seed=42 epoch=40/40 val_accuracy=98.1429% val_macro_f1=0.9780
+ softmax y entropía cruzada: lr 0.03 0.003: 96.57 %, 0.01: 97.78 %, 0.03: 98.41 %, 0.1: 98.14 %
+ imágenes desplazadas y rotadas seed=42 epoch=1/150 val_accuracy=91.7143% val_macro_f1=0.9012
+ imágenes desplazadas y rotadas seed=42 epoch=10/150 val_accuracy=96.4694% val_macro_f1=0.9540
+ imágenes desplazadas y rotadas seed=42 epoch=20/150 val_accuracy=97.5714% val_macro_f1=0.9708
+ imágenes desplazadas y rotadas seed=42 epoch=30/150 val_accuracy=98.0000% val_macro_f1=0.9774
+ imágenes desplazadas y rotadas seed=42 epoch=40/150 val_accuracy=98.4082% val_macro_f1=0.9807
+ imágenes desplazadas y rotadas seed=42 epoch=50/150 val_accuracy=98.3673% val_macro_f1=0.9805
+ imágenes desplazadas y rotadas seed=42 epoch=60/150 val_accuracy=98.5918% val_macro_f1=0.9845
+ imágenes desplazadas y rotadas seed=42 epoch=70/150 val_accuracy=98.3673% val_macro_f1=0.9796
+ imágenes desplazadas y rotadas seed=42 epoch=80/150 val_accuracy=98.4286% val_macro_f1=0.9802
+ imágenes desplazadas y rotadas seed=42 epoch=90/150 val_accuracy=98.6327% val_macro_f1=0.9835
+ imágenes desplazadas y rotadas seed=42 epoch=100/150 val_accuracy=98.4286% val_macro_f1=0.9819
+ imágenes desplazadas y rotadas seed=42 epoch=110/150 val_accuracy=98.4898% val_macro_f1=0.9808
+ imágenes desplazadas y rotadas seed=7 epoch=1/150 val_accuracy=91.2449% val_macro_f1=0.8897
+ imágenes desplazadas y rotadas seed=7 epoch=10/150 val_accuracy=97.2449% val_macro_f1=0.9638
+ imágenes desplazadas y rotadas seed=7 epoch=20/150 val_accuracy=97.7551% val_macro_f1=0.9693
+ imágenes desplazadas y rotadas seed=7 epoch=30/150 val_accuracy=98.1020% val_macro_f1=0.9755
+ imágenes desplazadas y rotadas seed=7 epoch=40/150 val_accuracy=98.2449% val_macro_f1=0.9784
+ imágenes desplazadas y rotadas seed=7 epoch=50/150 val_accuracy=98.3061% val_macro_f1=0.9784
+ imágenes desplazadas y rotadas seed=7 epoch=60/150 val_accuracy=98.3265% val_macro_f1=0.9793
+ imágenes desplazadas y rotadas seed=7 epoch=70/150 val_accuracy=98.3061% val_macro_f1=0.9802
+ imágenes desplazadas y rotadas seed=7 epoch=80/150 val_accuracy=98.3673% val_macro_f1=0.9792
+ imágenes desplazadas y rotadas seed=7 epoch=90/150 val_accuracy=98.4694% val_macro_f1=0.9812
+ imágenes desplazadas y rotadas seed=7 epoch=100/150 val_accuracy=98.4694% val_macro_f1=0.9802
+ imágenes desplazadas y rotadas seed=7 epoch=110/150 val_accuracy=98.4286% val_macro_f1=0.9783
+ imágenes desplazadas y rotadas seed=7 epoch=120/150 val_accuracy=98.3061% val_macro_f1=0.9778
+ imágenes desplazadas y rotadas seed=7 epoch=130/150 val_accuracy=98.5714% val_macro_f1=0.9823
+ imágenes desplazadas y rotadas seed=7 epoch=140/150 val_accuracy=98.4898% val_macro_f1=0.9810
+ imágenes desplazadas y rotadas seed=7 epoch=150/150 val_accuracy=98.7347% val_macro_f1=0.9852
+ imágenes desplazadas y rotadas seed=21 epoch=1/150 val_accuracy=91.1020% val_macro_f1=0.8880
+ imágenes desplazadas y rotadas seed=21 epoch=10/150 val_accuracy=97.2653% val_macro_f1=0.9675
+ imágenes desplazadas y rotadas seed=21 epoch=20/150 val_accuracy=97.7959% val_macro_f1=0.9730
+ imágenes desplazadas y rotadas seed=21 epoch=30/150 val_accuracy=98.0408% val_macro_f1=0.9739
+ imágenes desplazadas y rotadas seed=21 epoch=40/150 val_accuracy=98.4490% val_macro_f1=0.9799
+ imágenes desplazadas y rotadas seed=21 epoch=50/150 val_accuracy=98.2245% val_macro_f1=0.9788
+ imágenes desplazadas y rotadas seed=21 epoch=60/150 val_accuracy=98.2041% val_macro_f1=0.9766
+ imágenes desplazadas y rotadas seed=21 epoch=70/150 val_accuracy=98.5510% val_macro_f1=0.9808
+ imágenes desplazadas y rotadas seed=21 epoch=80/150 val_accuracy=98.3878% val_macro_f1=0.9816
+ imágenes desplazadas y rotadas seed=21 epoch=90/150 val_accuracy=98.5102% val_macro_f1=0.9820
+ imágenes desplazadas y rotadas seed=21 epoch=100/150 val_accuracy=98.7551% val_macro_f1=0.9854
+ imágenes desplazadas y rotadas seed=21 epoch=110/150 val_accuracy=98.7959% val_macro_f1=0.9858
+ imágenes desplazadas y rotadas seed=21 epoch=120/150 val_accuracy=98.4490% val_macro_f1=0.9804
+ imágenes desplazadas y rotadas seed=21 epoch=130/150 val_accuracy=98.5714% val_macro_f1=0.9834
+ imágenes desplazadas y rotadas seed=11 epoch=1/150 val_accuracy=90.6327% val_macro_f1=0.8863
+ imágenes desplazadas y rotadas seed=11 epoch=10/150 val_accuracy=96.8163% val_macro_f1=0.9622
+ imágenes desplazadas y rotadas seed=11 epoch=20/150 val_accuracy=97.7755% val_macro_f1=0.9720
+ imágenes desplazadas y rotadas seed=11 epoch=30/150 val_accuracy=97.9184% val_macro_f1=0.9752
+ imágenes desplazadas y rotadas seed=11 epoch=40/150 val_accuracy=97.8776% val_macro_f1=0.9726
+ imágenes desplazadas y rotadas seed=11 epoch=50/150 val_accuracy=98.4490% val_macro_f1=0.9790
+ imágenes desplazadas y rotadas seed=11 epoch=60/150 val_accuracy=98.2857% val_macro_f1=0.9795
+ imágenes desplazadas y rotadas seed=11 epoch=70/150 val_accuracy=98.2449% val_macro_f1=0.9795
+ imágenes desplazadas y rotadas seed=11 epoch=80/150 val_accuracy=98.2857% val_macro_f1=0.9795
+ imágenes desplazadas y rotadas seed=11 epoch=90/150 val_accuracy=98.4082% val_macro_f1=0.9810
+ imágenes desplazadas y rotadas seed=11 epoch=100/150 val_accuracy=98.3265% val_macro_f1=0.9797
+ imágenes desplazadas y rotadas seed=11 epoch=110/150 val_accuracy=98.3469% val_macro_f1=0.9789
+ imágenes desplazadas y rotadas seed=11 epoch=120/150 val_accuracy=98.4490% val_macro_f1=0.9799
+ imágenes desplazadas y rotadas seed=11 epoch=130/150 val_accuracy=98.5714% val_macro_f1=0.9816
+ imágenes desplazadas y rotadas seed=11 epoch=140/150 val_accuracy=98.7143% val_macro_f1=0.9840
+ imágenes desplazadas y rotadas seed=11 epoch=150/150 val_accuracy=98.4082% val_macro_f1=0.9787
+ imágenes desplazadas y rotadas seed=2025 epoch=1/150 val_accuracy=91.2653% val_macro_f1=0.8892
+ imágenes desplazadas y rotadas seed=2025 epoch=10/150 val_accuracy=97.0816% val_macro_f1=0.9654
+ imágenes desplazadas y rotadas seed=2025 epoch=20/150 val_accuracy=97.4490% val_macro_f1=0.9671
+ imágenes desplazadas y rotadas seed=2025 epoch=30/150 val_accuracy=98.0816% val_macro_f1=0.9762
+ imágenes desplazadas y rotadas seed=2025 epoch=40/150 val_accuracy=98.1429% val_macro_f1=0.9767
+ imágenes desplazadas y rotadas seed=2025 epoch=50/150 val_accuracy=98.0000% val_macro_f1=0.9768
+ imágenes desplazadas y rotadas seed=2025 epoch=60/150 val_accuracy=98.0816% val_macro_f1=0.9783
+ imágenes desplazadas y rotadas seed=2025 epoch=70/150 val_accuracy=98.2857% val_macro_f1=0.9790
+ imágenes desplazadas y rotadas seed=2025 epoch=80/150 val_accuracy=98.3265% val_macro_f1=0.9798
+ imágenes desplazadas y rotadas seed=2025 epoch=90/150 val_accuracy=98.6735% val_macro_f1=0.9826
+ imágenes desplazadas y rotadas seed=2025 epoch=100/150 val_accuracy=98.4490% val_macro_f1=0.9809
+ imágenes desplazadas y rotadas seed=2025 epoch=110/150 val_accuracy=98.5918% val_macro_f1=0.9837
+ imágenes desplazadas y rotadas seed=2025 epoch=120/150 val_accuracy=98.5510% val_macro_f1=0.9825
+ imágenes desplazadas y rotadas seed=2025 epoch=130/150 val_accuracy=98.5306% val_macro_f1=0.9819
+ imágenes desplazadas y rotadas seed=2025 epoch=140/150 val_accuracy=98.6735% val_macro_f1=0.9833
+ imágenes desplazadas y rotadas seed=2025 epoch=150/150 val_accuracy=98.5306% val_macro_f1=0.9821
+ softmax y entropía cruzada              98.78 % ± 0.04

Report: reports/digits_e3_softmax_tuned
=== Terminado softmax_lr_search_128_128_5_seeds ===
Cola completa.
